###############################################################################
#
# IAR ELF Linker V9.40.2.374/W64 for ARM                  31/Dec/2023  19:37:18
# Copyright 2007-2023 IAR Systems AB.
#
#    Output file  =
#        D:\koleya\senior 1\embedded\project\tiva project\Debug\Exe\project.out
#    Map file     =
#        D:\koleya\senior 1\embedded\project\tiva
#        project\Debug\List\project.map
#    Command line =
#        -f "D:\koleya\senior 1\embedded\project\tiva
#        project\Debug\Exe\project.out.rsp" ("D:\koleya\senior
#        1\embedded\project\tiva project\Debug\Obj\bluetooth.o"
#        "D:\koleya\senior 1\embedded\project\tiva project\Debug\Obj\buttons.o"
#        "D:\koleya\senior 1\embedded\project\tiva project\Debug\Obj\DIO.o"
#        "D:\koleya\senior 1\embedded\project\tiva project\Debug\Obj\fume.o"
#        "D:\koleya\senior 1\embedded\project\tiva project\Debug\Obj\laser.o"
#        "D:\koleya\senior 1\embedded\project\tiva
#        project\Debug\Obj\magnetic.o" "D:\koleya\senior
#        1\embedded\project\tiva project\Debug\Obj\main.o" "D:\koleya\senior
#        1\embedded\project\tiva project\Debug\Obj\ultrasonic.o"
#        --no_out_extension -o "D:\koleya\senior 1\embedded\project\tiva
#        project\Debug\Exe\project.out" --redirect _Printf=_PrintfFullNoMb
#        --redirect _Scanf=_ScanfFullNoMb --map "D:\koleya\senior
#        1\embedded\project\tiva project\Debug\List\project.map" --config
#        "D:\programs\IAR
#        wokrbench\arm/config/linker/TexasInstruments/TM4C123GH6.icf"
#        --semihosting --entry __iar_program_start --vfe --text_out locale
#        --cpu=Cortex-M4 --fpu=VFPv4_sp) --dependencies=n "D:\koleya\senior
#        1\embedded\project\tiva project\Debug\Exe\project.out.iar_deps"
#
###############################################################################

*******************************************************************************
*** RUNTIME MODEL ATTRIBUTES
***

CppFlavor       = *
__CPP_Runtime   = 1
__SystemLibrary = DLib
__dlib_version  = 6


*******************************************************************************
*** HEAP SELECTION
***

The basic heap was selected because --advanced_heap
was not specified and the application did not appear to
be primarily optimized for speed.


*******************************************************************************
*** PLACEMENT SUMMARY
***

"A0":  place at address 0x0 { ro section .intvec };
"P1":  place in [from 0x0 to 0x3'ffff] { ro };
define block CSTACK with size = 4K, alignment = 8 { };
define block HEAP with size = 8K, alignment = 8 { };
"P2":  place in [from 0x2000'0000 to 0x2000'7fff] {
          rw, block CSTACK, block HEAP };
initialize by copy { rw };

  Section            Kind         Address    Size  Object
  -------            ----         -------    ----  ------
"A0":                                        0x40
  .intvec            ro code          0x0    0x40  vector_table_M.o [4]
                                   - 0x40    0x40

"P1":                                      0x24c8
  .text              ro code         0x40   0xeae  xprintffull_nomb.o [2]
  .text              ro code        0xeee    0x2a  copy_init3.o [4]
  .text              ro code        0xf18    0x16  strchr.o [4]
  .text              ro code        0xf2e     0x2  vectortrap_M.o [4]
  .text              ro code        0xf30    0x40  xfail_s.o [2]
  .text              ro code        0xf70    0x36  strlen.o [4]
  .text              ro code        0xfa8    0x58  memchr.o [4]
  .text              ro code       0x1000    0x76  ABImemcpy_unaligned.o [4]
  .text              ro code       0x1078    0x70  frexp.o [3]
  .text              ro code       0x10e8    0x34  DblCmpLe.o [3]
  .text              ro code       0x111c    0x34  DblCmpGe.o [3]
  .text              ro code       0x1150   0x13a  ldexp.o [3]
  .text              ro code       0x128c    0x36  DblToS32.o [3]
  .text              ro code       0x12c4    0x22  S32ToDbl.o [3]
  .text              ro code       0x12e8   0x24e  DblAddSub.o [3]
  .text              ro code       0x1538   0x246  DblDiv.o [3]
  .text              ro code       0x1780    0x22  DblToU32.o [3]
  .text              ro code       0x17a4    0x1c  U32ToDbl.o [3]
  .text              ro code       0x17c0   0x1aa  DblMul.o [3]
  .text              ro code       0x196c   0x230  I64DivMod.o [4]
  .text              ro code       0x1b9c     0x6  abort.o [2]
  .text              ro code       0x1ba4     0x2  I64DivZer.o [4]
  .text              ro code       0x1ba8    0x14  exit.o [5]
  .text              ro code       0x1bbc    0x7c  iarttio.o [5]
  .text              ro code       0x1c38     0x8  XShttio.o [2]
  .text              ro code       0x1c40   0x26c  DIO.o [1]
  .text              ro code       0x1eac   0x1b6  ultrasonic.o [1]
  .text              ro code       0x2064    0x28  printf.o [2]
  .text              ro code       0x208c    0xb6  bluetooth.o [1]
  .text              ro code       0x2142    0x34  laser.o [1]
  .text              ro code       0x2178   0x110  fume.o [1]
  .text              ro code       0x2288    0x5c  main.o [1]
  .text              ro code       0x22e4    0x1e  buttons.o [1]
  .text              ro code       0x2304    0x54  magnetic.o [1]
  .text              ro code       0x2358    0x28  data_init.o [4]
  .text              ro code       0x2380    0x22  fpinit_M.o [3]
  .text              ro code       0x23a2    0x22  iarwrite.o [5]
  .iar.init_table    const         0x23c4    0x14  - Linker created -
  .text              ro code       0x23d8    0x20  putchar.o [2]
  .text              ro code       0x23f8    0x10  write.o [5]
  .text              ro code       0x2408    0x1e  dwrite.o [5]
  .text              ro code       0x2426    0x20  iarwstd.o [5]
  .text              ro code       0x2448    0x1e  cmain.o [4]
  .text              ro code       0x2466     0x4  low_level_init.o [2]
  .text              ro code       0x246a     0x4  exit.o [2]
  .text              ro code       0x2470     0xa  cexit.o [4]
  .text              ro code       0x247c    0x1c  cstartup_M.o [4]
  .text              ro code       0x2498    0x16  xprout.o [2]
  .rodata            const         0x24b0    0x10  magnetic.o [1]
  .rodata            const         0x24c0    0x10  main.o [1]
  .rodata            const         0x24d0    0x10  ultrasonic.o [1]
  .rodata            const         0x24e0    0x10  ultrasonic.o [1]
  Initializer bytes  const         0x24f0    0x10  <for P2-1>
  .rodata            const         0x2500     0x8  fume.o [1]
  .rodata            const         0x2508     0x0  copy_init3.o [4]
                                 - 0x2508  0x24c8

"P2", part 1 of 2:                           0x10
  P2-1                        0x2000'0000     0xe  <Init block>
    .data            inited   0x2000'0000     0x8  XShttio.o [2]
    .bss             inited   0x2000'0008     0x4  xfail_s.o [2]
    .bss             inited   0x2000'000c     0x1  fume.o [1]
    .bss             inited   0x2000'000d     0x1  magnetic.o [1]
                            - 0x2000'000e     0xe

"P2", part 2 of 2:                         0x1000
  CSTACK                      0x2000'0010  0x1000  <Block>
    CSTACK           uninit   0x2000'0010  0x1000  <Block tail>
                            - 0x2000'1010  0x1000

Unused ranges:

         From           To      Size
         ----           --      ----
       0x2508     0x3'ffff  0x3'daf8
  0x2000'1010  0x2000'7fff    0x6ff0


*******************************************************************************
*** INIT TABLE
***

          Address      Size
          -------      ----
Copy (__iar_copy_init3)
    1 source range, total size 0x10 (114% of destination):
               0x24f0  0x10
    1 destination range, total size 0xe:
          0x2000'0000   0xe



*******************************************************************************
*** MODULE SUMMARY
***

    Module                 ro code  ro data  rw data
    ------                 -------  -------  -------
command line/config:
    ------------------------------------------------
    Total:

D:\koleya\senior 1\embedded\project\tiva project\Debug\Obj: [1]
    DIO.o                      620
    bluetooth.o                182
    buttons.o                   30
    fume.o                     272        9        1
    laser.o                     52
    magnetic.o                  84       17        1
    main.o                      92       16
    ultrasonic.o               438       32
    ------------------------------------------------
    Total:                   1'770       74        2

dl7M_tln.a: [2]
    XShttio.o                    8        8        8
    abort.o                      6
    exit.o                       4
    low_level_init.o             4
    printf.o                    40
    putchar.o                   32
    xfail_s.o                   64        4        4
    xprintffull_nomb.o       3'758
    xprout.o                    22
    ------------------------------------------------
    Total:                   3'938       12       12

m7M_tls.a: [3]
    DblAddSub.o                590
    DblCmpGe.o                  52
    DblCmpLe.o                  52
    DblDiv.o                   582
    DblMul.o                   426
    DblToS32.o                  54
    DblToU32.o                  34
    S32ToDbl.o                  34
    U32ToDbl.o                  28
    fpinit_M.o                  34
    frexp.o                    112
    ldexp.o                    314
    ------------------------------------------------
    Total:                   2'312

rt7M_tl.a: [4]
    ABImemcpy_unaligned.o      118
    I64DivMod.o                560
    I64DivZer.o                  2
    cexit.o                     10
    cmain.o                     30
    copy_init3.o                42
    cstartup_M.o                28
    data_init.o                 40
    memchr.o                    88
    strchr.o                    22
    strlen.o                    54
    vector_table_M.o            64
    vectortrap_M.o               2
    ------------------------------------------------
    Total:                   1'060

shb_l.a: [5]
    dwrite.o                    30
    exit.o                      20
    iarttio.o                  124
    iarwrite.o                  34
    iarwstd.o                   32
    write.o                     16
    ------------------------------------------------
    Total:                     256

    Gaps                        34        2
    Linker created                       22    4'096
----------------------------------------------------
    Grand Total:             9'370      110    4'110


*******************************************************************************
*** ENTRY LIST
***

Entry                       Address   Size  Type      Object
-----                       -------   ----  ----      ------
.iar.init_table$$Base        0x23c4          --   Gb  - Linker created -
.iar.init_table$$Limit       0x23d8          --   Gb  - Linker created -
?main                        0x2449         Code  Gb  cmain.o [4]
Bluetooth_Write              0x20e9   0x10  Code  Gb  bluetooth.o [1]
Bluetooth_Write_String       0x212d   0x16  Code  Gb  bluetooth.o [1]
BusFault_Handler              0xf2f         Code  Wk  vectortrap_M.o [4]
CSTACK$$Base            0x2000'0010          --   Gb  - Linker created -
CSTACK$$Limit           0x2000'1010          --   Gb  - Linker created -
DIO_DIR                      0x1c55  0x104  Code  Gb  DIO.o [1]
DIO_Init                     0x1c41   0x14  Code  Gb  DIO.o [1]
DIO_ReadPin                  0x1dc3   0x4e  Code  Gb  DIO.o [1]
DIO_WritePin                 0x1d59   0x6a  Code  Gb  DIO.o [1]
DebugMon_Handler              0xf2f         Code  Wk  vectortrap_M.o [4]
Delay                        0x204d   0x16  Code  Gb  ultrasonic.o [1]
Delay_MicroSecond            0x1f79   0x48  Code  Gb  ultrasonic.o [1]
HC05_init                    0x208d   0x5c  Code  Gb  bluetooth.o [1]
HardFault_Handler             0xf2f         Code  Wk  vectortrap_M.o [4]
InitButtons                  0x22e5   0x1e  Code  Gb  buttons.o [1]
InitLaser                    0x2143   0x14  Code  Gb  laser.o [1]
Measure_distance             0x1ead   0x50  Code  Gb  ultrasonic.o [1]
MemManage_Handler             0xf2f         Code  Wk  vectortrap_M.o [4]
NMI_Handler                   0xf2f         Code  Wk  vectortrap_M.o [4]
OpenLaser                    0x2157   0x20  Code  Gb  laser.o [1]
PendSV_Handler                0xf2f         Code  Wk  vectortrap_M.o [4]
PrintUltraSonic              0x1fc1   0x2e  Code  Gb  ultrasonic.o [1]
Region$$Table$$Base          0x23c4          --   Gb  - Linker created -
Region$$Table$$Limit         0x23d8          --   Gb  - Linker created -
SVC_Handler                   0xf2f         Code  Wk  vectortrap_M.o [4]
SysTick_Handler               0xf2f         Code  Wk  vectortrap_M.o [4]
Timer0ACapture_init          0x1efd   0x7c  Code  Gb  ultrasonic.o [1]
UsageFault_Handler            0xf2f         Code  Wk  vectortrap_M.o [4]
_LC                            0x41    0x6  Code  Lc  xprintffull_nomb.o [2]
_LitobFullNoMb                0xd0d  0x114  Code  Lc  xprintffull_nomb.o [2]
_PrintfFullNoMb                0x47  0xc98  Code  Gb  xprintffull_nomb.o [2]
_Prout                       0x2499   0x16  Code  Gb  xprout.o [2]
_PutcharsFullNoMb             0xe79   0x2e  Code  Lc  xprintffull_nomb.o [2]
__aeabi_cdcmple              0x10e9         Code  Gb  DblCmpLe.o [3]
__aeabi_cdrcmple             0x111d         Code  Gb  DblCmpGe.o [3]
__aeabi_d2iz                 0x128d         Code  Gb  DblToS32.o [3]
__aeabi_d2uiz                0x1781         Code  Gb  DblToU32.o [3]
__aeabi_ddiv                 0x1539         Code  Gb  DblDiv.o [3]
__aeabi_dmul                 0x17c1         Code  Gb  DblMul.o [3]
__aeabi_dsub                 0x1455         Code  Gb  DblAddSub.o [3]
__aeabi_i2d                  0x12c5         Code  Gb  S32ToDbl.o [3]
__aeabi_ldiv0                0x1ba5         Code  Gb  I64DivZer.o [4]
__aeabi_ui2d                 0x17a5         Code  Gb  U32ToDbl.o [3]
__aeabi_uldivmod             0x196d         Code  Gb  I64DivMod.o [4]
__cmain                      0x2449         Code  Gb  cmain.o [4]
__dwrite                     0x2409   0x1e  Code  Gb  dwrite.o [5]
__exit                       0x1ba9   0x14  Code  Gb  exit.o [5]
__iar_Fail_s                  0xf31   0x1c  Code  Gb  xfail_s.o [2]
__iar_Memchr                  0xfa9         Code  Gb  memchr.o [4]
__iar_Strchr                  0xf19         Code  Gb  strchr.o [4]
__iar_close_ttio             0x1bbd   0x2c  Code  Gb  iarttio.o [5]
__iar_copy_init3              0xeef   0x2a  Code  Gb  copy_init3.o [4]
__iar_data_init3             0x2359   0x28  Code  Gb  data_init.o [4]
__iar_frexp                  0x1085         Code  Gb  frexp.o [3]
__iar_frexpl                 0x1085         Code  Gb  frexp.o [3]
__iar_get_ttio               0x1be9   0x4c  Code  Gb  iarttio.o [5]
__iar_init_vfp               0x2381         Code  Gb  fpinit_M.o [3]
__iar_ldexp64                0x1151         Code  Gb  ldexp.o [3]
__iar_lookup_ttioh           0x1c39    0x8  Code  Gb  XShttio.o [2]
__iar_program_start          0x247d         Code  Gb  cstartup_M.o [4]
__iar_scalbln64              0x1151         Code  Gb  ldexp.o [3]
__iar_scalbn64               0x1151         Code  Gb  ldexp.o [3]
__iar_sh_stdout              0x2427   0x20  Code  Gb  iarwstd.o [5]
__iar_sh_write               0x23a3   0x22  Code  Gb  iarwrite.o [5]
__iar_softfp___iar_frexp64
                             0x1079         Code  Gb  frexp.o [3]
__iar_softfp_frexp           0x1079         Code  Gb  frexp.o [3]
__iar_softfp_frexpl          0x1079         Code  Gb  frexp.o [3]
__iar_ttio_handles      0x2000'0000    0x8  Data  Lc  XShttio.o [2]
__iar_unaligned_memcpy       0x1001         Code  Gb  ABImemcpy_unaligned.o [4]
__iar_unaligned_memcpy4
                             0x1021         Code  Gb  ABImemcpy_unaligned.o [4]
__iar_unaligned_memcpy8
                             0x1021         Code  Gb  ABImemcpy_unaligned.o [4]
__low_level_init             0x2467    0x4  Code  Gb  low_level_init.o [2]
__vector_table                  0x0         Data  Gb  vector_table_M.o [4]
__write                      0x23f9   0x10  Code  Gb  write.o [5]
_call_main                   0x2455         Code  Gb  cmain.o [4]
_exit                        0x2471         Code  Gb  cexit.o [4]
abort                        0x1b9d    0x6  Code  Gb  abort.o [2]
exit                         0x246b    0x4  Code  Gb  exit.o [2]
fume                         0x21e7   0x6a  Code  Gb  fume.o [1]
fume_init                    0x2179   0x6e  Code  Gb  fume.o [1]
get_magnetic_status          0x2319   0x32  Code  Gb  magnetic.o [1]
is_door_opened          0x2000'000d    0x1  Data  Gb  magnetic.o [1]
is_smoking              0x2000'000c    0x1  Data  Gb  fume.o [1]
ldexp                        0x1151         Code  Gb  ldexp.o [3]
ldexpl                       0x1151         Code  Gb  ldexp.o [3]
magneticInit                 0x2305   0x14  Code  Gb  magnetic.o [1]
main                         0x2289   0x5c  Code  Gb  main.o [1]
memchr                        0xfa9         Code  Gb  memchr.o [4]
printf                       0x2065   0x28  Code  Gb  printf.o [2]
putchar                      0x23d9   0x20  Code  Gb  putchar.o [2]
scalbln                      0x1151         Code  Gb  ldexp.o [3]
scalblnl                     0x1151         Code  Gb  ldexp.o [3]
scalbn                       0x1151         Code  Gb  ldexp.o [3]
scalbnl                      0x1151         Code  Gb  ldexp.o [3]
scale                         0xe21   0x46  Code  Lc  xprintffull_nomb.o [2]
sec_hand                0x2000'0008    0x4  Data  Lc  xfail_s.o [2]
strchr                        0xf19         Code  Gb  strchr.o [4]
strlen                        0xf71         Code  Gb  strlen.o [4]


[1] = D:\koleya\senior 1\embedded\project\tiva project\Debug\Obj
[2] = dl7M_tln.a
[3] = m7M_tls.a
[4] = rt7M_tl.a
[5] = shb_l.a

  9'370 bytes of readonly  code memory
    110 bytes of readonly  data memory
  4'110 bytes of readwrite data memory

Errors: none
Warnings: none
